I'm sorry, but errors were detected in your script. Please correct the
errors listed below, and try again.


File "game/script.rpy", line 83: Line is indented, but the preceding show statement statement does not expect a block. Please check this line's indentation. You may have forgotten a colon (:).
    xalign 0.0
    ^

Ren'Py Version: Ren'Py 8.1.3.23091805
Mon Dec 11 03:27:44 2023
